// Jest Snapshot v1, https://goo.gl/fbAQLP

exports[`it renders 1`] = `
.c0 {
  border-radius: 6px;
  padding: 12px;
  background-color: #E3F2FF;
}

.c1 {
  display: -webkit-box;
  display: -webkit-flex;
  display: -ms-flexbox;
  display: flex;
  -webkit-align-items: center;
  -webkit-box-align: center;
  -ms-flex-align: center;
  align-items: center;
  font-weight: 400;
  color: #262626;
  font-size: 14px;
}

.c2 {
  display: -webkit-box;
  display: -webkit-flex;
  display: -ms-flexbox;
  display: flex;
  -webkit-align-items: center;
  -webkit-box-align: center;
  -ms-flex-align: center;
  align-items: center;
  margin-top: 4px;
  color: #262626;
  font-weight: 600;
  font-size: 28px;
}

.c2 > svg {
  height: 24px;
  width: 24px;
  margin-right: 12px;
}

.c2[data-size='small'] {
  font-weight: 700;
  font-size: 14px;
  margin-left: 23px;
}

<div
  class="c0 string"
  data-card-color="#E3F2FF"
  data-is-in-card="true"
  data-size="big"
>
  <div
    class="c1"
  >
    Total Bookings
  </div>
  <div
    class="c2"
    data-size="big"
  >
    <svg
      data-name="Layer 1"
      viewBox="0 0 26.56 26.94"
      xmlns="http://www.w3.org/2000/svg"
    >
      <title>
        like
      </title>
      <path
        d="M7.36 25.69H3.69a2.41 2.41 0 01-1.72-.71 2.45 2.45 0 01-.72-1.73v-8.56a2.46 2.46 0 012.44-2.44h3.67m8.56-2.44V4.92a3.67 3.67 0 00-3.67-3.67l-4.89 11v13.44h13.79a2.44 2.44 0 002.44-2.07l1.69-11a2.48 2.48 0 00-.07-1 2.43 2.43 0 00-.5-.92 2.39 2.39 0 00-.85-.63 2.27 2.27 0 00-1-.21z"
        fill="none"
        stroke="#262626"
        stroke-linecap="round"
        stroke-linejoin="round"
        stroke-width="2.5"
      />
    </svg>
    12789
  </div>
</div>
`;
